[
    Statement {
        id: 2,
        kind: FullOpeningTag(
            FullOpeningTagStatement {
                span: Span {
                    start: Position {
                        offset: 0,
                        line: 1,
                        column: 0,
                    },
                    end: Position {
                        offset: 5,
                        line: 1,
                        column: 5,
                    },
                },
            },
        ),
        span: Span {
            start: Position {
                offset: 0,
                line: 1,
                column: 0,
            },
            end: Position {
                offset: 5,
                line: 1,
                column: 5,
            },
        },
        comments: CommentGroup {
            comments: [],
        },
    },
    Statement {
        id: 8,
        kind: Expression(
            ExpressionStatement {
                expression: Expression {
                    id: 7,
                    kind: AssignmentOperation(
                        Assign {
                            left: Expression {
                                id: 3,
                                kind: Variable(
                                    SimpleVariable(
                                        SimpleVariable {
                                            symbol: Symbol("$a"),
                                            span: Span {
                                                start: Position {
                                                    offset: 7,
                                                    line: 3,
                                                    column: 1,
                                                },
                                                end: Position {
                                                    offset: 9,
                                                    line: 3,
                                                    column: 3,
                                                },
                                            },
                                        },
                                    ),
                                ),
                                span: Span {
                                    start: Position {
                                        offset: 7,
                                        line: 3,
                                        column: 1,
                                    },
                                    end: Position {
                                        offset: 9,
                                        line: 3,
                                        column: 3,
                                    },
                                },
                                comments: CommentGroup {
                                    comments: [],
                                },
                            },
                            equals: Span {
                                start: Position {
                                    offset: 10,
                                    line: 3,
                                    column: 4,
                                },
                                end: Position {
                                    offset: 11,
                                    line: 3,
                                    column: 5,
                                },
                            },
                            right: Expression {
                                id: 6,
                                kind: BitwiseOperation(
                                    Or {
                                        left: Expression {
                                            id: 4,
                                            kind: Literal(
                                                Literal {
                                                    kind: Integer,
                                                    token: Token {
                                                        kind: LiteralInteger,
                                                        span: Span {
                                                            start: Position {
                                                                offset: 12,
                                                                line: 3,
                                                                column: 6,
                                                            },
                                                            end: Position {
                                                                offset: 13,
                                                                line: 3,
                                                                column: 7,
                                                            },
                                                        },
                                                        symbol: Some(
                                                            Symbol("1"),
                                                        ),
                                                    },
                                                },
                                            ),
                                            span: Span {
                                                start: Position {
                                                    offset: 12,
                                                    line: 3,
                                                    column: 6,
                                                },
                                                end: Position {
                                                    offset: 13,
                                                    line: 3,
                                                    column: 7,
                                                },
                                            },
                                            comments: CommentGroup {
                                                comments: [],
                                            },
                                        },
                                        or: Span {
                                            start: Position {
                                                offset: 14,
                                                line: 3,
                                                column: 8,
                                            },
                                            end: Position {
                                                offset: 15,
                                                line: 3,
                                                column: 9,
                                            },
                                        },
                                        right: Expression {
                                            id: 5,
                                            kind: Literal(
                                                Literal {
                                                    kind: Integer,
                                                    token: Token {
                                                        kind: LiteralInteger,
                                                        span: Span {
                                                            start: Position {
                                                                offset: 16,
                                                                line: 3,
                                                                column: 10,
                                                            },
                                                            end: Position {
                                                                offset: 17,
                                                                line: 3,
                                                                column: 11,
                                                            },
                                                        },
                                                        symbol: Some(
                                                            Symbol("2"),
                                                        ),
                                                    },
                                                },
                                            ),
                                            span: Span {
                                                start: Position {
                                                    offset: 16,
                                                    line: 3,
                                                    column: 10,
                                                },
                                                end: Position {
                                                    offset: 17,
                                                    line: 3,
                                                    column: 11,
                                                },
                                            },
                                            comments: CommentGroup {
                                                comments: [],
                                            },
                                        },
                                    },
                                ),
                                span: Span {
                                    start: Position {
                                        offset: 16,
                                        line: 3,
                                        column: 10,
                                    },
                                    end: Position {
                                        offset: 17,
                                        line: 3,
                                        column: 11,
                                    },
                                },
                                comments: CommentGroup {
                                    comments: [],
                                },
                            },
                        },
                    ),
                    span: Span {
                        start: Position {
                            offset: 12,
                            line: 3,
                            column: 6,
                        },
                        end: Position {
                            offset: 17,
                            line: 3,
                            column: 11,
                        },
                    },
                    comments: CommentGroup {
                        comments: [],
                    },
                },
                ending: Semicolon(
                    Span {
                        start: Position {
                            offset: 17,
                            line: 3,
                            column: 11,
                        },
                        end: Position {
                            offset: 18,
                            line: 3,
                            column: 12,
                        },
                    },
                ),
            },
        ),
        span: Span {
            start: Position {
                offset: 7,
                line: 3,
                column: 1,
            },
            end: Position {
                offset: 18,
                line: 3,
                column: 12,
            },
        },
        comments: CommentGroup {
            comments: [],
        },
    },
]
---
