[
    Statement {
        id: 2,
        kind: FullOpeningTag(
            FullOpeningTagStatement {
                span: Span {
                    start: Position {
                        offset: 0,
                        line: 1,
                        column: 0,
                    },
                    end: Position {
                        offset: 5,
                        line: 1,
                        column: 5,
                    },
                },
            },
        ),
        span: Span {
            start: Position {
                offset: 0,
                line: 1,
                column: 0,
            },
            end: Position {
                offset: 5,
                line: 1,
                column: 5,
            },
        },
        comments: CommentGroup {
            comments: [],
        },
    },
    Statement {
        id: 4,
        kind: Expression(
            ExpressionStatement {
                expression: Expression {
                    id: 3,
                    kind: Heredoc(
                        HeredocExpression {
                            label: Symbol("<<<TXT
                            "),
                            parts: [],
                        },
                    ),
                    span: Span {
                        start: Position {
                            offset: 7,
                            line: 3,
                            column: 1,
                        },
                        end: Position {
                            offset: 18,
                            line: 5,
                            column: 4,
                        },
                    },
                    comments: CommentGroup {
                        comments: [],
                    },
                },
                ending: Semicolon(
                    Span {
                        start: Position {
                            offset: 18,
                            line: 5,
                            column: 4,
                        },
                        end: Position {
                            offset: 19,
                            line: 5,
                            column: 5,
                        },
                    },
                ),
            },
        ),
        span: Span {
            start: Position {
                offset: 7,
                line: 3,
                column: 1,
            },
            end: Position {
                offset: 19,
                line: 5,
                column: 5,
            },
        },
        comments: CommentGroup {
            comments: [],
        },
    },
]
---
